src/components/Header.tsx(13,13): error TS6133: 'user' is declared but its value is never read.
src/components/Header.tsx(14,96): error TS6133: 'currentTab' is declared but its value is never read.
src/components/Header.tsx(25,11): error TS6133: 'hasWarnings' is declared but its value is never read.
src/components/NotificationBar.tsx(7,28): error TS2339: Property 'clearNotifications' does not exist on type 'LayrState'.
src/components/RequireAuth.tsx(6,55): error TS2503: Cannot find namespace 'JSX'.
src/components/SuggestionsPanel.tsx(11,26): error TS2339: Property 'dismissSuggestion' does not exist on type 'LayrState'.
src/modules/ia/CanvasWrapper.tsx(52,60): error TS2339: Property 'generateIAData' does not exist on type '{ isAvailable: () => boolean; generateStory(history: Message[]): Promise<StructuredStory>; }'.
src/modules/ia/CanvasWrapper.tsx(65,59): error TS7006: Parameter 'n' implicitly has an 'any' type.
src/modules/ia/CanvasWrapper.tsx(65,62): error TS7006: Parameter 'index' implicitly has an 'any' type.
src/modules/ia/CanvasWrapper.tsx(78,63): error TS7006: Parameter 'edge' implicitly has an 'any' type.
src/modules/ia/CanvasWrapper.tsx(78,69): error TS7006: Parameter 'index' implicitly has an 'any' type.
src/modules/ia/CanvasWrapper.tsx(83,32): error TS7006: Parameter 'e' implicitly has an 'any' type.
src/modules/story/ChatInterface.tsx(2,21): error TS6133: 'User' is declared but its value is never read.
src/modules/story/ChatInterface.tsx(5,1): error TS6133: 'cn' is declared but its value is never read.
src/modules/story/ChatInterface.tsx(44,46): error TS2339: Property 'generateFollowUp' does not exist on type '{ isAvailable: () => boolean; generateStory(history: Message[]): Promise<StructuredStory>; }'.
src/modules/userflow/CanvasWrapper.tsx(49,60): error TS2339: Property 'generateUserflowData' does not exist on type '{ isAvailable: () => boolean; generateStory(history: Message[]): Promise<StructuredStory>; }'.
src/modules/userflow/CanvasWrapper.tsx(65,59): error TS7006: Parameter 'n' implicitly has an 'any' type.
src/modules/userflow/CanvasWrapper.tsx(65,62): error TS7006: Parameter 'index' implicitly has an 'any' type.
src/modules/userflow/CanvasWrapper.tsx(77,63): error TS7006: Parameter 'edge' implicitly has an 'any' type.
src/modules/userflow/CanvasWrapper.tsx(77,69): error TS7006: Parameter 'index' implicitly has an 'any' type.
src/modules/userflow/CanvasWrapper.tsx(82,32): error TS7006: Parameter 'e' implicitly has an 'any' type.
src/pages/Login.tsx(5,21): error TS6133: 'ArrowRight' is declared but its value is never read.
src/store/useLayrStore.ts(8,10): error TS6133: 'NodeChange' is declared but its value is never read.
src/store/useLayrStore.ts(9,10): error TS6133: 'EdgeChange' is declared but its value is never read.
